
=================================== ERRORS ====================================
___________________ ERROR collecting tests/test_decision.py ___________________
ImportError while importing test module 'C:\Projects\Assay\Assay\tests\test_decision.py'.
Hint: make sure your test modules/packages have valid Python names.
Traceback:
C:\Python313\Lib\importlib\__init__.py:88: in import_module
    return _bootstrap._gcd_import(name[level:], package, level)
           ^^^^^^^^^^^^^^^^^^^^^^^^^^^^^^^^^^^^^^^^^^^^^^^^^^^^
C:\Projects\Minerva\Minerva\tests\test_decision.py:6: in <module>
    ???
E   ModuleNotFoundError: No module named 'chatbot'
________________ ERROR collecting tests/test_intent_parser.py _________________
ImportError while importing test module 'C:\Projects\Assay\Assay\tests\test_intent_parser.py'.
Hint: make sure your test modules/packages have valid Python names.
Traceback:
C:\Python313\Lib\importlib\__init__.py:88: in import_module
    return _bootstrap._gcd_import(name[level:], package, level)
           ^^^^^^^^^^^^^^^^^^^^^^^^^^^^^^^^^^^^^^^^^^^^^^^^^^^^
tests\test_intent_parser.py:6: in <module>
    from chatbot.intent_parser import parse_intent
E   ModuleNotFoundError: No module named 'chatbot'
____________ ERROR collecting tests/test_visualization_selector.py ____________
ImportError while importing test module 'C:\Projects\Assay\Assay\tests\test_visualization_selector.py'.
Hint: make sure your test modules/packages have valid Python names.
Traceback:
C:\Python313\Lib\importlib\__init__.py:88: in import_module
    return _bootstrap._gcd_import(name[level:], package, level)
           ^^^^^^^^^^^^^^^^^^^^^^^^^^^^^^^^^^^^^^^^^^^^^^^^^^^^
C:\Projects\Minerva\Minerva\tests\test_visualization_selector.py:7: in <module>
    ???
E   ModuleNotFoundError: No module named 'scripts.visualization_selector'
___________________ ERROR collecting tests/test_workflow.py ___________________
ImportError while importing test module 'C:\Projects\Assay\Assay\tests\test_workflow.py'.
Hint: make sure your test modules/packages have valid Python names.
Traceback:
C:\Python313\Lib\importlib\__init__.py:88: in import_module
    return _bootstrap._gcd_import(name[level:], package, level)
           ^^^^^^^^^^^^^^^^^^^^^^^^^^^^^^^^^^^^^^^^^^^^^^^^^^^^
C:\Projects\Minerva\Minerva\tests\test_workflow.py:1: in <module>
    ???
E   ModuleNotFoundError: No module named 'examples.test_workflow_demo'
=========================== short test summary info ===========================
ERROR tests/test_decision.py
ERROR tests/test_intent_parser.py
ERROR tests/test_visualization_selector.py
ERROR tests/test_workflow.py
!!!!!!!!!!!!!!!!!!! Interrupted: 4 errors during collection !!!!!!!!!!!!!!!!!!!
4 errors in 2.88s
